Archive member included to satisfy reference by file (symbol)

C:/Users/29254/AppData/Local/stm32cube/bundles/gnu-tools-for-stm32/14.3.1+st.2/bin/../lib/gcc/arm-none-eabi/14.3.1/../../../../arm-none-eabi/lib/thumb/v7-m/nofp\libg_nano.a(libc_a-exit.o)
                              C:/Users/29254/AppData/Local/stm32cube/bundles/gnu-tools-for-stm32/14.3.1+st.2/bin/../lib/gcc/arm-none-eabi/14.3.1/../../../../arm-none-eabi/lib/thumb/v7-m/nofp/crt0.o (exit)
C:/Users/29254/AppData/Local/stm32cube/bundles/gnu-tools-for-stm32/14.3.1+st.2/bin/../lib/gcc/arm-none-eabi/14.3.1/../../../../arm-none-eabi/lib/thumb/v7-m/nofp\libg_nano.a(libc_a-findfp.o)
                              C:/Users/29254/AppData/Local/stm32cube/bundles/gnu-tools-for-stm32/14.3.1+st.2/bin/../lib/gcc/arm-none-eabi/14.3.1/../../../../arm-none-eabi/lib/thumb/v7-m/nofp\libg_nano.a(libc_a-exit.o) (__stdio_exit_handler)
C:/Users/29254/AppData/Local/stm32cube/bundles/gnu-tools-for-stm32/14.3.1+st.2/bin/../lib/gcc/arm-none-eabi/14.3.1/../../../../arm-none-eabi/lib/thumb/v7-m/nofp\libg_nano.a(libc_a-fwalk.o)
                              C:/Users/29254/AppData/Local/stm32cube/bundles/gnu-tools-for-stm32/14.3.1+st.2/bin/../lib/gcc/arm-none-eabi/14.3.1/../../../../arm-none-eabi/lib/thumb/v7-m/nofp\libg_nano.a(libc_a-findfp.o) (_fwalk_sglue)
C:/Users/29254/AppData/Local/stm32cube/bundles/gnu-tools-for-stm32/14.3.1+st.2/bin/../lib/gcc/arm-none-eabi/14.3.1/../../../../arm-none-eabi/lib/thumb/v7-m/nofp\libg_nano.a(libc_a-stdio.o)
                              C:/Users/29254/AppData/Local/stm32cube/bundles/gnu-tools-for-stm32/14.3.1+st.2/bin/../lib/gcc/arm-none-eabi/14.3.1/../../../../arm-none-eabi/lib/thumb/v7-m/nofp\libg_nano.a(libc_a-findfp.o) (__sread)
C:/Users/29254/AppData/Local/stm32cube/bundles/gnu-tools-for-stm32/14.3.1+st.2/bin/../lib/gcc/arm-none-eabi/14.3.1/../../../../arm-none-eabi/lib/thumb/v7-m/nofp\libg_nano.a(libc_a-memset.o)
                              C:/Users/29254/AppData/Local/stm32cube/bundles/gnu-tools-for-stm32/14.3.1+st.2/bin/../lib/gcc/arm-none-eabi/14.3.1/../../../../arm-none-eabi/lib/thumb/v7-m/nofp/crt0.o (memset)
C:/Users/29254/AppData/Local/stm32cube/bundles/gnu-tools-for-stm32/14.3.1+st.2/bin/../lib/gcc/arm-none-eabi/14.3.1/../../../../arm-none-eabi/lib/thumb/v7-m/nofp\libg_nano.a(libc_a-closer.o)
                              C:/Users/29254/AppData/Local/stm32cube/bundles/gnu-tools-for-stm32/14.3.1+st.2/bin/../lib/gcc/arm-none-eabi/14.3.1/../../../../arm-none-eabi/lib/thumb/v7-m/nofp\libg_nano.a(libc_a-stdio.o) (_close_r)
C:/Users/29254/AppData/Local/stm32cube/bundles/gnu-tools-for-stm32/14.3.1+st.2/bin/../lib/gcc/arm-none-eabi/14.3.1/../../../../arm-none-eabi/lib/thumb/v7-m/nofp\libg_nano.a(libc_a-reent.o)
                              C:/Users/29254/AppData/Local/stm32cube/bundles/gnu-tools-for-stm32/14.3.1+st.2/bin/../lib/gcc/arm-none-eabi/14.3.1/../../../../arm-none-eabi/lib/thumb/v7-m/nofp\libg_nano.a(libc_a-closer.o) (errno)
C:/Users/29254/AppData/Local/stm32cube/bundles/gnu-tools-for-stm32/14.3.1+st.2/bin/../lib/gcc/arm-none-eabi/14.3.1/../../../../arm-none-eabi/lib/thumb/v7-m/nofp\libg_nano.a(libc_a-impure.o)
                              C:/Users/29254/AppData/Local/stm32cube/bundles/gnu-tools-for-stm32/14.3.1+st.2/bin/../lib/gcc/arm-none-eabi/14.3.1/../../../../arm-none-eabi/lib/thumb/v7-m/nofp\libg_nano.a(libc_a-reent.o) (_impure_ptr)
C:/Users/29254/AppData/Local/stm32cube/bundles/gnu-tools-for-stm32/14.3.1+st.2/bin/../lib/gcc/arm-none-eabi/14.3.1/../../../../arm-none-eabi/lib/thumb/v7-m/nofp\libg_nano.a(libc_a-lseekr.o)
                              C:/Users/29254/AppData/Local/stm32cube/bundles/gnu-tools-for-stm32/14.3.1+st.2/bin/../lib/gcc/arm-none-eabi/14.3.1/../../../../arm-none-eabi/lib/thumb/v7-m/nofp\libg_nano.a(libc_a-stdio.o) (_lseek_r)
C:/Users/29254/AppData/Local/stm32cube/bundles/gnu-tools-for-stm32/14.3.1+st.2/bin/../lib/gcc/arm-none-eabi/14.3.1/../../../../arm-none-eabi/lib/thumb/v7-m/nofp\libg_nano.a(libc_a-readr.o)
                              C:/Users/29254/AppData/Local/stm32cube/bundles/gnu-tools-for-stm32/14.3.1+st.2/bin/../lib/gcc/arm-none-eabi/14.3.1/../../../../arm-none-eabi/lib/thumb/v7-m/nofp\libg_nano.a(libc_a-stdio.o) (_read_r)
C:/Users/29254/AppData/Local/stm32cube/bundles/gnu-tools-for-stm32/14.3.1+st.2/bin/../lib/gcc/arm-none-eabi/14.3.1/../../../../arm-none-eabi/lib/thumb/v7-m/nofp\libg_nano.a(libc_a-writer.o)
                              C:/Users/29254/AppData/Local/stm32cube/bundles/gnu-tools-for-stm32/14.3.1+st.2/bin/../lib/gcc/arm-none-eabi/14.3.1/../../../../arm-none-eabi/lib/thumb/v7-m/nofp\libg_nano.a(libc_a-stdio.o) (_write_r)
C:/Users/29254/AppData/Local/stm32cube/bundles/gnu-tools-for-stm32/14.3.1+st.2/bin/../lib/gcc/arm-none-eabi/14.3.1/../../../../arm-none-eabi/lib/thumb/v7-m/nofp\libg_nano.a(libc_a-errno.o)
                              CMakeFiles/BOOT.dir/Core/Src/sysmem.c.obj (__errno)
[...]
Memory Configuration

Name             Origin             Length             Attributes
RAM              0x20000000         0x0000c000         xrw
FLASH            0x08000000         0x00008000         xr
*default*        0x00000000         0xffffffff

Linker script and memory map

LOAD C:/Users/29254/AppData/Local/stm32cube/bundles/gnu-tools-for-stm32/14.3.1+st.2/bin/../lib/gcc/arm-none-eabi/14.3.1/thumb/v7-m/nofp/crti.o
LOAD C:/Users/29254/AppData/Local/stm32cube/bundles/gnu-tools-for-stm32/14.3.1+st.2/bin/../lib/gcc/arm-none-eabi/14.3.1/thumb/v7-m/nofp/crtbegin.o
LOAD C:/Users/29254/AppData/Local/stm32cube/bundles/gnu-tools-for-stm32/14.3.1+st.2/bin/../lib/gcc/arm-none-eabi/14.3.1/../../../../arm-none-eabi/lib/thumb/v7-m/nofp/crt0.o
LOAD cmake/stm32cubemx/CMakeFiles/STM32_Drivers.dir/__/__/Core/Src/system_stm32f1xx.c.obj
LOAD cmake/stm32cubemx/CMakeFiles/STM32_Drivers.dir/__/__/Drivers/STM32F1xx_HAL_Driver/Src/stm32f1xx_hal_gpio_ex.c.obj
LOAD cmake/stm32cubemx/CMakeFiles/STM32_Drivers.dir/__/__/Drivers/STM32F1xx_HAL_Driver/Src/stm32f1xx_hal_rtc.c.obj
LOAD cmake/stm32cubemx/CMakeFiles/STM32_Drivers.dir/__/__/Drivers/STM32F1xx_HAL_Driver/Src/stm32f1xx_hal_rtc_ex.c.obj
LOAD cmake/stm32cubemx/CMakeFiles/STM32_Drivers.dir/__/__/Drivers/STM32F1xx_HAL_Driver/Src/stm32f1xx_hal.c.obj
LOAD cmake/stm32cubemx/CMakeFiles/STM32_Drivers.dir/__/__/Drivers/STM32F1xx_HAL_Driver/Src/stm32f1xx_hal_rcc.c.obj
LOAD cmake/stm32cubemx/CMakeFiles/STM32_Drivers.dir/__/__/Drivers/STM32F1xx_HAL_Driver/Src/stm32f1xx_hal_rcc_ex.c.obj
LOAD cmake/stm32cubemx/CMakeFiles/STM32_Drivers.dir/__/__/Drivers/STM32F1xx_HAL_Driver/Src/stm32f1xx_hal_gpio.c.obj
LOAD cmake/stm32cubemx/CMakeFiles/STM32_Drivers.dir/__/__/Drivers/STM32F1xx_HAL_Driver/Src/stm32f1xx_hal_dma.c.obj
LOAD cmake/stm32cubemx/CMakeFiles/STM32_Drivers.dir/__/__/Drivers/STM32F1xx_HAL_Driver/Src/stm32f1xx_hal_cortex.c.obj
LOAD cmake/stm32cubemx/CMakeFiles/STM32_Drivers.dir/__/__/Drivers/STM32F1xx_HAL_Driver/Src/stm32f1xx_hal_pwr.c.obj
LOAD cmake/stm32cubemx/CMakeFiles/STM32_Drivers.dir/__/__/Drivers/STM32F1xx_HAL_Driver/Src/stm32f1xx_hal_flash.c.obj
LOAD cmake/stm32cubemx/CMakeFiles/STM32_Drivers.dir/__/__/Drivers/STM32F1xx_HAL_Driver/Src/stm32f1xx_hal_flash_ex.c.obj
LOAD cmake/stm32cubemx/CMakeFiles/STM32_Drivers.dir/__/__/Drivers/STM32F1xx_HAL_Driver/Src/stm32f1xx_hal_exti.c.obj
LOAD cmake/stm32cubemx/CMakeFiles/STM32_Drivers.dir/__/__/Drivers/STM32F1xx_HAL_Driver/Src/stm32f1xx_hal_uart.c.obj
LOAD CMakeFiles/BOOT.dir/Core/Src/main.c.obj
LOAD CMakeFiles/BOOT.dir/Core/Src/gpio.c.obj
LOAD CMakeFiles/BOOT.dir/Core/Src/rtc.c.obj
LOAD CMakeFiles/BOOT.dir/Core/Src/usart.c.obj
LOAD CMakeFiles/BOOT.dir/Core/Src/stm32f1xx_it.c.obj
LOAD CMakeFiles/BOOT.dir/Core/Src/stm32f1xx_hal_msp.c.obj
LOAD CMakeFiles/BOOT.dir/Core/Src/sysmem.c.obj
LOAD CMakeFiles/BOOT.dir/Core/Src/syscalls.c.obj
LOAD CMakeFiles/BOOT.dir/startup_stm32f103xe.s.obj
LOAD CMakeFiles/BOOT.dir/Core/Src/iap/bootloader.c.obj
LOAD CMakeFiles/BOOT.dir/Core/Src/iap/flash_operations.c.obj
LOAD CMakeFiles/BOOT.dir/Core/Src/iap/crc.c.obj
LOAD C:/Users/29254/AppData/Local/stm32cube/bundles/gnu-tools-for-stm32/14.3.1+st.2/bin/../lib/gcc/arm-none-eabi/14.3.1/../../../../arm-none-eabi/lib/thumb/v7-m/nofp\libm.a
START GROUP
LOAD C:/Users/29254/AppData/Local/stm32cube/bundles/gnu-tools-for-stm32/14.3.1+st.2/bin/../lib/gcc/arm-none-eabi/14.3.1/thumb/v7-m/nofp\libgcc.a
LOAD C:/Users/29254/AppData/Local/stm32cube/bundles/gnu-tools-for-stm32/14.3.1+st.2/bin/../lib/gcc/arm-none-eabi/14.3.1/../../../../arm-none-eabi/lib/thumb/v7-m/nofp\libg_nano.a
LOAD C:/Users/29254/AppData/Local/stm32cube/bundles/gnu-tools-for-stm32/14.3.1+st.2/bin/../lib/gcc/arm-none-eabi/14.3.1/../../../../arm-none-eabi/lib/thumb/v7-m/nofp\libc_nano.a
END GROUP
START GROUP
LOAD C:/Users/29254/AppData/Local/stm32cube/bundles/gnu-tools-for-stm32/14.3.1+st.2/bin/../lib/gcc/arm-none-eabi/14.3.1/thumb/v7-m/nofp\libgcc.a
LOAD C:/Users/29254/AppData/Local/stm32cube/bundles/gnu-tools-for-stm32/14.3.1+st.2/bin/../lib/gcc/arm-none-eabi/14.3.1/../../../../arm-none-eabi/lib/thumb/v7-m/nofp\libc_nano.a
END GROUP
LOAD C:/Users/29254/AppData/Local/stm32cube/bundles/gnu-tools-for-stm32/14.3.1+st.2/bin/../lib/gcc/arm-none-eabi/14.3.1/thumb/v7-m/nofp/crtend.o
LOAD C:/Users/29254/AppData/Local/stm32cube/bundles/gnu-tools-for-stm32/14.3.1+st.2/bin/../lib/gcc/arm-none-eabi/14.3.1/thumb/v7-m/nofp/crtn.o
                0x2000c000                        _estack = (ORIGIN (RAM) + LENGTH (RAM))
                0x00000200                        _Min_Heap_Size = 0x200
                0x00000400                        _Min_Stack_Size = 0x400

.isr_vector     0x08000000      0x1e4
                0x08000000                        . = ALIGN (0x4)
 *(.isr_vector)
 .isr_vector    0x08000000      0x1e4 CMakeFiles/BOOT.dir/startup_stm32f103xe.s.obj
                0x08000000                g_pfnVectors
                0x080001e4                        . = ALIGN (0x4)

.text           0x080001e4     0x2184
                0x080001e4                        . = ALIGN (0x4)
 *(.text)
 .text          0x080001e4       0x40 C:/Users/29254/AppData/Local/stm32cube/bundles/gnu-tools-for-stm32/14.3.1+st.2/bin/../lib/gcc/arm-none-eabi/14.3.1/thumb/v7-m/nofp/crtbegin.o
 *(.text*)
 .text.SystemInit
                0x08000224        0x2 cmake/stm32cubemx/CMakeFiles/STM32_Drivers.dir/__/__/Core/Src/system_stm32f1xx.c.obj
                0x08000224                SystemInit
 .text.RTC_ReadTimeCounter
                0x08000226       0x24 cmake/stm32cubemx/CMakeFiles/STM32_Drivers.dir/__/__/Drivers/STM32F1xx_HAL_Driver/Src/stm32f1xx_hal_rtc.c.obj
 .text.RTC_ReadAlarmCounter
                0x0800024a        0xe cmake/stm32cubemx/CMakeFiles/STM32_Drivers.dir/__/__/Drivers/STM32F1xx_HAL_Driver/Src/stm32f1xx_hal_rtc.c.obj
 .text.RTC_Bcd2ToByte
                0x08000258       0x10 cmake/stm32cubemx/CMakeFiles/STM32_Drivers.dir/__/__/Drivers/STM32F1xx_HAL_Driver/Src/stm32f1xx_hal_rtc.c.obj
 .text.RTC_WeekDayNum
                0x08000268       0x62 cmake/stm32cubemx/CMakeFiles/STM32_Drivers.dir/__/__/Drivers/STM32F1xx_HAL_Driver/Src/stm32f1xx_hal_rtc.c.obj
 .text.RTC_EnterInitMode
                0x080002ca       0x2e cmake/stm32cubemx/CMakeFiles/STM32_Drivers.dir/__/__/Drivers/STM32F1xx_HAL_Driver/Src/stm32f1xx_hal_rtc.c.obj
 .text.RTC_ExitInitMode
                0x080002f8       0x30 cmake/stm32cubemx/CMakeFiles/STM32_Drivers.dir/__/__/Drivers/STM32F1xx_HAL_Driver/Src/stm32f1xx_hal_rtc.c.obj
 .text.RTC_WriteTimeCounter
                0x08000328       0x28 cmake/stm32cubemx/CMakeFiles/STM32_Drivers.dir/__/__/Drivers/STM32F1xx_HAL_Driver/Src/stm32f1xx_hal_rtc.c.obj
 .text.RTC_WriteAlarmCounter
                0x08000350       0x28 cmake/stm32cubemx/CMakeFiles/STM32_Drivers.dir/__/__/Drivers/STM32F1xx_HAL_Driver/Src/stm32f1xx_hal_rtc.c.obj
 .text.HAL_RTC_SetTime
                0x08000378       0xa2 cmake/stm32cubemx/CMakeFiles/STM32_Drivers.dir/__/__/Drivers/STM32F1xx_HAL_Driver/Src/stm32f1xx_hal_rtc.c.obj
                0x08000378                HAL_RTC_SetTime
 *fill*         0x0800041a        0x2 
 .text.HAL_RTC_SetDate
                0x0800041c       0xb0 cmake/stm32cubemx/CMakeFiles/STM32_Drivers.dir/__/__/Drivers/STM32F1xx_HAL_Driver/Src/stm32f1xx_hal_rtc.c.obj
                0x0800041c                HAL_RTC_SetDate
 .text.HAL_RTC_WaitForSynchro
                0x080004cc       0x36 cmake/stm32cubemx/CMakeFiles/STM32_Drivers.dir/__/__/Drivers/STM32F1xx_HAL_Driver/Src/stm32f1xx_hal_rtc.c.obj
                0x080004cc                HAL_RTC_WaitForSynchro
 *fill*         0x08000502        0x2 
 .text.HAL_RTC_Init
                0x08000504       0x8c cmake/stm32cubemx/CMakeFiles/STM32_Drivers.dir/__/__/Drivers/STM32F1xx_HAL_Driver/Src/stm32f1xx_hal_rtc.c.obj
                0x08000504                HAL_RTC_Init
 .text.HAL_RTCEx_BKUPWrite
                0x08000590       0x10 cmake/stm32cubemx/CMakeFiles/STM32_Drivers.dir/__/__/Drivers/STM32F1xx_HAL_Driver/Src/stm32f1xx_hal_rtc_ex.c.obj
                0x08000590                HAL_RTCEx_BKUPWrite
 .text.HAL_RTCEx_BKUPRead
                0x080005a0       0x10 cmake/stm32cubemx/CMakeFiles/STM32_Drivers.dir/__/__/Drivers/STM32F1xx_HAL_Driver/Src/stm32f1xx_hal_rtc_ex.c.obj
                0x080005a0                HAL_RTCEx_BKUPRead
 .text.HAL_InitTick
                0x080005b0       0x48 cmake/stm32cubemx/CMakeFiles/STM32_Drivers.dir/__/__/Drivers/STM32F1xx_HAL_Driver/Src/stm32f1xx_hal.c.obj
                0x080005b0                HAL_InitTick
 .text.HAL_Init
                0x080005f8       0x24 cmake/stm32cubemx/CMakeFiles/STM32_Drivers.dir/__/__/Drivers/STM32F1xx_HAL_Driver/Src/stm32f1xx_hal.c.obj
                0x080005f8                HAL_Init
 .text.HAL_IncTick
                0x0800061c       0x18 cmake/stm32cubemx/CMakeFiles/STM32_Drivers.dir/__/__/Drivers/STM32F1xx_HAL_Driver/Src/stm32f1xx_hal.c.obj
                0x0800061c                HAL_IncTick
 .text.HAL_GetTick
                0x08000634        0xc cmake/stm32cubemx/CMakeFiles/STM32_Drivers.dir/__/__/Drivers/STM32F1xx_HAL_Driver/Src/stm32f1xx_hal.c.obj
                0x08000634                HAL_GetTick
 .text.HAL_Delay
                0x08000640       0x24 cmake/stm32cubemx/CMakeFiles/STM32_Drivers.dir/__/__/Drivers/STM32F1xx_HAL_Driver/Src/stm32f1xx_hal.c.obj
                0x08000640                HAL_Delay
 .text.HAL_RCC_OscConfig
                0x08000664      0x338 cmake/stm32cubemx/CMakeFiles/STM32_Drivers.dir/__/__/Drivers/STM32F1xx_HAL_Driver/Src/stm32f1xx_hal_rcc.c.obj
                0x08000664                HAL_RCC_OscConfig
 .text.HAL_RCC_GetSysClockFreq
                0x0800099c       0x4c cmake/stm32cubemx/CMakeFiles/STM32_Drivers.dir/__/__/Drivers/STM32F1xx_HAL_Driver/Src/stm32f1xx_hal_rcc.c.obj
                0x0800099c                HAL_RCC_GetSysClockFreq
 .text.HAL_RCC_ClockConfig
                0x080009e8      0x138 cmake/stm32cubemx/CMakeFiles/STM32_Drivers.dir/__/__/Drivers/STM32F1xx_HAL_Driver/Src/stm32f1xx_hal_rcc.c.obj
                0x080009e8                HAL_RCC_ClockConfig
 .text.HAL_RCC_GetPCLK1Freq
                0x08000b20       0x20 cmake/stm32cubemx/CMakeFiles/STM32_Drivers.dir/__/__/Drivers/STM32F1xx_HAL_Driver/Src/stm32f1xx_hal_rcc.c.obj
                0x08000b20                HAL_RCC_GetPCLK1Freq
 .text.HAL_RCC_GetPCLK2Freq
                0x08000b40       0x20 cmake/stm32cubemx/CMakeFiles/STM32_Drivers.dir/__/__/Drivers/STM32F1xx_HAL_Driver/Src/stm32f1xx_hal_rcc.c.obj
                0x08000b40                HAL_RCC_GetPCLK2Freq
 .text.HAL_RCCEx_PeriphCLKConfig
                0x08000b60       0xf4 cmake/stm32cubemx/CMakeFiles/STM32_Drivers.dir/__/__/Drivers/STM32F1xx_HAL_Driver/Src/stm32f1xx_hal_rcc_ex.c.obj
                0x08000b60                HAL_RCCEx_PeriphCLKConfig
 .text.HAL_RCCEx_GetPeriphCLKFreq
                0x08000c54       0xd8 cmake/stm32cubemx/CMakeFiles/STM32_Drivers.dir/__/__/Drivers/STM32F1xx_HAL_Driver/Src/stm32f1xx_hal_rcc_ex.c.obj
                0x08000c54                HAL_RCCEx_GetPeriphCLKFreq
 .text.HAL_GPIO_Init
                0x08000d2c      0x1c0 cmake/stm32cubemx/CMakeFiles/STM32_Drivers.dir/__/__/Drivers/STM32F1xx_HAL_Driver/Src/stm32f1xx_hal_gpio.c.obj
                0x08000d2c                HAL_GPIO_Init
 .text.HAL_GPIO_WritePin
                0x08000eec        0xa cmake/stm32cubemx/CMakeFiles/STM32_Drivers.dir/__/__/Drivers/STM32F1xx_HAL_Driver/Src/stm32f1xx_hal_gpio.c.obj
                0x08000eec                HAL_GPIO_WritePin
 .text.HAL_DMA_Abort
                0x08000ef6       0x3e cmake/stm32cubemx/CMakeFiles/STM32_Drivers.dir/__/__/Drivers/STM32F1xx_HAL_Driver/Src/stm32f1xx_hal_dma.c.obj
                0x08000ef6                HAL_DMA_Abort
 .text.HAL_DMA_Abort_IT
                0x08000f34       0xd8 cmake/stm32cubemx/CMakeFiles/STM32_Drivers.dir/__/__/Drivers/STM32F1xx_HAL_Driver/Src/stm32f1xx_hal_dma.c.obj
                0x08000f34                HAL_DMA_Abort_IT
 .text.HAL_NVIC_SetPriorityGrouping
                0x0800100c       0x24 cmake/stm32cubemx/CMakeFiles/STM32_Drivers.dir/__/__/Drivers/STM32F1xx_HAL_Driver/Src/stm32f1xx_hal_cortex.c.obj
                0x0800100c                HAL_NVIC_SetPriorityGrouping
 .text.HAL_NVIC_SetPriority
                0x08001030       0x60 cmake/stm32cubemx/CMakeFiles/STM32_Drivers.dir/__/__/Drivers/STM32F1xx_HAL_Driver/Src/stm32f1xx_hal_cortex.c.obj
                0x08001030                HAL_NVIC_SetPriority
 .text.HAL_NVIC_EnableIRQ
                0x08001090       0x1c cmake/stm32cubemx/CMakeFiles/STM32_Drivers.dir/__/__/Drivers/STM32F1xx_HAL_Driver/Src/stm32f1xx_hal_cortex.c.obj
                0x08001090                HAL_NVIC_EnableIRQ
 .text.HAL_SYSTICK_Config
                0x080010ac       0x28 cmake/stm32cubemx/CMakeFiles/STM32_Drivers.dir/__/__/Drivers/STM32F1xx_HAL_Driver/Src/stm32f1xx_hal_cortex.c.obj
                0x080010ac                HAL_SYSTICK_Config
 .text.HAL_PWR_EnableBkUpAccess
                0x080010d4        0xc cmake/stm32cubemx/CMakeFiles/STM32_Drivers.dir/__/__/Drivers/STM32F1xx_HAL_Driver/Src/stm32f1xx_hal_pwr.c.obj
                0x080010d4                HAL_PWR_EnableBkUpAccess
 .text.FLASH_SetErrorCode
                0x080010e0       0x50 cmake/stm32cubemx/CMakeFiles/STM32_Drivers.dir/__/__/Drivers/STM32F1xx_HAL_Driver/Src/stm32f1xx_hal_flash.c.obj
 .text.FLASH_WaitForLastOperation
                0x08001130       0x54 cmake/stm32cubemx/CMakeFiles/STM32_Drivers.dir/__/__/Drivers/STM32F1xx_HAL_Driver/Src/stm32f1xx_hal_flash.c.obj
                0x08001130                FLASH_WaitForLastOperation
 .text.HAL_FLASH_Program
                0x08001184       0xa4 cmake/stm32cubemx/CMakeFiles/STM32_Drivers.dir/__/__/Drivers/STM32F1xx_HAL_Driver/Src/stm32f1xx_hal_flash.c.obj
                0x08001184                HAL_FLASH_Program
 .text.FLASH_PageErase
                0x08001228       0x24 cmake/stm32cubemx/CMakeFiles/STM32_Drivers.dir/__/__/Drivers/STM32F1xx_HAL_Driver/Src/stm32f1xx_hal_flash_ex.c.obj
                0x08001228                FLASH_PageErase
 .text.HAL_FLASHEx_Erase
                0x0800124c       0xa8 cmake/stm32cubemx/CMakeFiles/STM32_Drivers.dir/__/__/Drivers/STM32F1xx_HAL_Driver/Src/stm32f1xx_hal_flash_ex.c.obj
                0x0800124c                HAL_FLASHEx_Erase
 .text.UART_EndRxTransfer
                0x080012f4       0x5c cmake/stm32cubemx/CMakeFiles/STM32_Drivers.dir/__/__/Drivers/STM32F1xx_HAL_Driver/Src/stm32f1xx_hal_uart.c.obj
 .text.UART_SetConfig
                0x08001350       0x74 cmake/stm32cubemx/CMakeFiles/STM32_Drivers.dir/__/__/Drivers/STM32F1xx_HAL_Driver/Src/stm32f1xx_hal_uart.c.obj
 .text.UART_WaitOnFlagUntilTimeout.constprop.0
                0x080013c4       0x64 cmake/stm32cubemx/CMakeFiles/STM32_Drivers.dir/__/__/Drivers/STM32F1xx_HAL_Driver/Src/stm32f1xx_hal_uart.c.obj
 .text.HAL_UART_Init
                0x08001428       0x5e cmake/stm32cubemx/CMakeFiles/STM32_Drivers.dir/__/__/Drivers/STM32F1xx_HAL_Driver/Src/stm32f1xx_hal_uart.c.obj
                0x08001428                HAL_UART_Init
 .text.HAL_UART_Transmit
                0x08001486       0x9c cmake/stm32cubemx/CMakeFiles/STM32_Drivers.dir/__/__/Drivers/STM32F1xx_HAL_Driver/Src/stm32f1xx_hal_uart.c.obj
                0x08001486                HAL_UART_Transmit
 .text.HAL_UART_TxCpltCallback
                0x08001522        0x2 cmake/stm32cubemx/CMakeFiles/STM32_Drivers.dir/__/__/Drivers/STM32F1xx_HAL_Driver/Src/stm32f1xx_hal_uart.c.obj
                0x08001522                HAL_UART_TxCpltCallback
 .text.HAL_UART_ErrorCallback
                0x08001524        0x2 cmake/stm32cubemx/CMakeFiles/STM32_Drivers.dir/__/__/Drivers/STM32F1xx_HAL_Driver/Src/stm32f1xx_hal_uart.c.obj
                0x08001524                HAL_UART_ErrorCallback
 .text.UART_DMAAbortOnError
                0x08001526       0x10 cmake/stm32cubemx/CMakeFiles/STM32_Drivers.dir/__/__/Drivers/STM32F1xx_HAL_Driver/Src/stm32f1xx_hal_uart.c.obj
 .text.HAL_UARTEx_RxEventCallback
                0x08001536        0x2 cmake/stm32cubemx/CMakeFiles/STM32_Drivers.dir/__/__/Drivers/STM32F1xx_HAL_Driver/Src/stm32f1xx_hal_uart.c.obj
                0x08001536                HAL_UARTEx_RxEventCallback
 .text.UART_Receive_IT.isra.0
                0x08001538       0xb4 cmake/stm32cubemx/CMakeFiles/STM32_Drivers.dir/__/__/Drivers/STM32F1xx_HAL_Driver/Src/stm32f1xx_hal_uart.c.obj
 .text.HAL_UART_IRQHandler
                0x080015ec      0x294 cmake/stm32cubemx/CMakeFiles/STM32_Drivers.dir/__/__/Drivers/STM32F1xx_HAL_Driver/Src/stm32f1xx_hal_uart.c.obj
                0x080015ec                HAL_UART_IRQHandler
 .text.UART_Start_Receive_IT
                0x08001880       0x32 cmake/stm32cubemx/CMakeFiles/STM32_Drivers.dir/__/__/Drivers/STM32F1xx_HAL_Driver/Src/stm32f1xx_hal_uart.c.obj
                0x08001880                UART_Start_Receive_IT
 .text.HAL_UART_Receive_IT
                0x080018b2       0x22 cmake/stm32cubemx/CMakeFiles/STM32_Drivers.dir/__/__/Drivers/STM32F1xx_HAL_Driver/Src/stm32f1xx_hal_uart.c.obj
                0x080018b2                HAL_UART_Receive_IT
 .text.SystemClock_Config
                0x080018d4       0x82 CMakeFiles/BOOT.dir/Core/Src/main.c.obj
                0x080018d4                SystemClock_Config
 *fill*         0x08001956        0x2 
 .text.startup.main
                0x08001958       0x44 CMakeFiles/BOOT.dir/Core/Src/main.c.obj
                0x08001958                main
 .text.HAL_UART_RxCpltCallback
                0x0800199c       0x14 CMakeFiles/BOOT.dir/Core/Src/main.c.obj
                0x0800199c                HAL_UART_RxCpltCallback
 .text.Error_Handler
                0x080019b0        0x4 CMakeFiles/BOOT.dir/Core/Src/main.c.obj
                0x080019b0                Error_Handler
 .text.MX_GPIO_Init
                0x080019b4       0x7c CMakeFiles/BOOT.dir/Core/Src/gpio.c.obj
                0x080019b4                MX_GPIO_Init
 .text.MX_RTC_Init
                0x08001a30       0x68 CMakeFiles/BOOT.dir/Core/Src/rtc.c.obj
                0x08001a30                MX_RTC_Init
 .text.HAL_RTC_MspInit
                0x08001a98       0x3c CMakeFiles/BOOT.dir/Core/Src/rtc.c.obj
                0x08001a98                HAL_RTC_MspInit
 .text.MX_USART3_UART_Init
                0x08001ad4       0x38 CMakeFiles/BOOT.dir/Core/Src/usart.c.obj
                0x08001ad4                MX_USART3_UART_Init
 .text.HAL_UART_MspInit
                0x08001b0c       0x88 CMakeFiles/BOOT.dir/Core/Src/usart.c.obj
                0x08001b0c                HAL_UART_MspInit
 .text.NMI_Handler
                0x08001b94        0x2 CMakeFiles/BOOT.dir/Core/Src/stm32f1xx_it.c.obj
                0x08001b94                NMI_Handler
 .text.HardFault_Handler
                0x08001b96        0x2 CMakeFiles/BOOT.dir/Core/Src/stm32f1xx_it.c.obj
                0x08001b96                HardFault_Handler
 .text.MemManage_Handler
                0x08001b98        0x2 CMakeFiles/BOOT.dir/Core/Src/stm32f1xx_it.c.obj
                0x08001b98                MemManage_Handler
 .text.BusFault_Handler
                0x08001b9a        0x2 CMakeFiles/BOOT.dir/Core/Src/stm32f1xx_it.c.obj
                0x08001b9a                BusFault_Handler
 .text.UsageFault_Handler
                0x08001b9c        0x2 CMakeFiles/BOOT.dir/Core/Src/stm32f1xx_it.c.obj
                0x08001b9c                UsageFault_Handler
 .text.SVC_Handler
                0x08001b9e        0x2 CMakeFiles/BOOT.dir/Core/Src/stm32f1xx_it.c.obj
                0x08001b9e                SVC_Handler
 .text.DebugMon_Handler
                0x08001ba0        0x2 CMakeFiles/BOOT.dir/Core/Src/stm32f1xx_it.c.obj
                0x08001ba0                DebugMon_Handler
 .text.PendSV_Handler
                0x08001ba2        0x2 CMakeFiles/BOOT.dir/Core/Src/stm32f1xx_it.c.obj
                0x08001ba2                PendSV_Handler
 .text.SysTick_Handler
                0x08001ba4       0x14 CMakeFiles/BOOT.dir/Core/Src/stm32f1xx_it.c.obj
                0x08001ba4                SysTick_Handler
 .text.USART3_IRQHandler
                0x08001bb8        0xc CMakeFiles/BOOT.dir/Core/Src/stm32f1xx_it.c.obj
                0x08001bb8                USART3_IRQHandler
 .text.HAL_MspInit
                0x08001bc4       0x44 CMakeFiles/BOOT.dir/Core/Src/stm32f1xx_hal_msp.c.obj
                0x08001bc4                HAL_MspInit
 .text.Reset_Handler
                0x08001c08       0x48 CMakeFiles/BOOT.dir/startup_stm32f103xe.s.obj
                0x08001c08                Reset_Handler
 .text.Default_Handler
                0x08001c50        0x2 CMakeFiles/BOOT.dir/startup_stm32f103xe.s.obj
                0x08001c50                RTC_Alarm_IRQHandler
                0x08001c50                EXTI2_IRQHandler
                0x08001c50                TIM8_TRG_COM_IRQHandler
                0x08001c50                TIM8_CC_IRQHandler
                0x08001c50                TIM1_CC_IRQHandler
                0x08001c50                TIM6_IRQHandler
                0x08001c50                PVD_IRQHandler
                0x08001c50                SDIO_IRQHandler
                0x08001c50                EXTI3_IRQHandler
                0x08001c50                EXTI0_IRQHandler
                0x08001c50                I2C2_EV_IRQHandler
                0x08001c50                ADC1_2_IRQHandler
                0x08001c50                SPI1_IRQHandler
                0x08001c50                TAMPER_IRQHandler
                0x08001c50                TIM8_UP_IRQHandler
                0x08001c50                DMA2_Channel2_IRQHandler
                0x08001c50                DMA1_Channel4_IRQHandler
                0x08001c50                RTC_IRQHandler
                0x08001c50                DMA1_Channel7_IRQHandler
                0x08001c50                CAN1_RX1_IRQHandler
                0x08001c50                UART5_IRQHandler
                0x08001c50                ADC3_IRQHandler
                0x08001c50                TIM4_IRQHandler
                0x08001c50                DMA2_Channel1_IRQHandler
                0x08001c50                I2C1_EV_IRQHandler
                0x08001c50                DMA1_Channel6_IRQHandler
                0x08001c50                UART4_IRQHandler
                0x08001c50                TIM3_IRQHandler
                0x08001c50                RCC_IRQHandler
                0x08001c50                TIM1_TRG_COM_IRQHandler
                0x08001c50                DMA1_Channel1_IRQHandler
                0x08001c50                Default_Handler
                0x08001c50                EXTI15_10_IRQHandler
                0x08001c50                TIM7_IRQHandler
                0x08001c50                TIM5_IRQHandler
                0x08001c50                EXTI9_5_IRQHandler
                0x08001c50                SPI2_IRQHandler
                0x08001c50                DMA1_Channel5_IRQHandler
                0x08001c50                EXTI4_IRQHandler
                0x08001c50                USB_LP_CAN1_RX0_IRQHandler
                0x08001c50                USB_HP_CAN1_TX_IRQHandler
                0x08001c50                DMA1_Channel3_IRQHandler
                0x08001c50                FSMC_IRQHandler
                0x08001c50                TIM1_UP_IRQHandler
                0x08001c50                WWDG_IRQHandler
                0x08001c50                TIM2_IRQHandler
                0x08001c50                TIM1_BRK_IRQHandler
                0x08001c50                EXTI1_IRQHandler
                0x08001c50                DMA2_Channel4_5_IRQHandler
                0x08001c50                USART2_IRQHandler
                0x08001c50                I2C2_ER_IRQHandler
                0x08001c50                DMA1_Channel2_IRQHandler
                0x08001c50                TIM8_BRK_IRQHandler
                0x08001c50                CAN1_SCE_IRQHandler
                0x08001c50                FLASH_IRQHandler
                0x08001c50                USART1_IRQHandler
                0x08001c50                SPI3_IRQHandler
                0x08001c50                I2C1_ER_IRQHandler
                0x08001c50                USBWakeUp_IRQHandler
                0x08001c50                DMA2_Channel3_IRQHandler
 *fill*         0x08001c52        0x2 
 .text.SendResponse
                0x08001c54       0x40 CMakeFiles/BOOT.dir/Core/Src/iap/bootloader.c.obj
 .text.SendErrorResponse
                0x08001c94       0x24 CMakeFiles/BOOT.dir/Core/Src/iap/bootloader.c.obj
 .text.ProcessLoadStart
                0x08001cb8       0xc8 CMakeFiles/BOOT.dir/Core/Src/iap/bootloader.c.obj
 .text.Bootloader_Init
                0x08001d80       0x50 CMakeFiles/BOOT.dir/Core/Src/iap/bootloader.c.obj
                0x08001d80                Bootloader_Init
 .text.Bootloader_UARTCallback
                0x08001dd0       0x80 CMakeFiles/BOOT.dir/Core/Src/iap/bootloader.c.obj
                0x08001dd0                Bootloader_UARTCallback
 .text.Bootloader_ProcessFrame
                0x08001e50      0x1b4 CMakeFiles/BOOT.dir/Core/Src/iap/bootloader.c.obj
                0x08001e50                Bootloader_ProcessFrame
 .text.Bootloader_Main
                0x08002004       0xc8 CMakeFiles/BOOT.dir/Core/Src/iap/bootloader.c.obj
                0x08002004                Bootloader_Main
 .text.Bootloader_CheckAndStartFromRTC
                0x080020cc       0x74 CMakeFiles/BOOT.dir/Core/Src/iap/bootloader.c.obj
                0x080020cc                Bootloader_CheckAndStartFromRTC
 .text.Flash_Unlock
                0x08002140       0x1c CMakeFiles/BOOT.dir/Core/Src/iap/flash_operations.c.obj
                0x08002140                Flash_Unlock
 .text.Flash_Lock
                0x0800215c       0x10 CMakeFiles/BOOT.dir/Core/Src/iap/flash_operations.c.obj
                0x0800215c                Flash_Lock
 .text.Flash_Erase
                0x0800216c       0x58 CMakeFiles/BOOT.dir/Core/Src/iap/flash_operations.c.obj
                0x0800216c                Flash_Erase
 .text.Flash_Write
                0x080021c4       0x9c CMakeFiles/BOOT.dir/Core/Src/iap/flash_operations.c.obj
                0x080021c4                Flash_Write
 .text.Verify_Application
                0x08002260       0x34 CMakeFiles/BOOT.dir/Core/Src/iap/flash_operations.c.obj
                0x08002260                Verify_Application
 .text.JumpTo_Application
                0x08002294       0x1a CMakeFiles/BOOT.dir/Core/Src/iap/flash_operations.c.obj
                0x08002294                JumpTo_Application
 .text.CRC16_Modbus_Continue
                0x080022ae       0x2e CMakeFiles/BOOT.dir/Core/Src/iap/crc.c.obj
                0x080022ae                CRC16_Modbus_Continue
 .text.memset   0x080022dc       0x10 C:/Users/29254/AppData/Local/stm32cube/bundles/gnu-tools-for-stm32/14.3.1+st.2/bin/../lib/gcc/arm-none-eabi/14.3.1/../../../../arm-none-eabi/lib/thumb/v7-m/nofp\libg_nano.a(libc_a-memset.o)
                0x080022dc                memset
 .text.__libc_init_array
                0x080022ec       0x48 C:/Users/29254/AppData/Local/stm32cube/bundles/gnu-tools-for-stm32/14.3.1+st.2/bin/../lib/gcc/arm-none-eabi/14.3.1/../../../../arm-none-eabi/lib/thumb/v7-m/nofp\libg_nano.a(libc_a-init.o)
                0x080022ec                __libc_init_array
 .text.memcpy   0x08002334       0x1c C:/Users/29254/AppData/Local/stm32cube/bundles/gnu-tools-for-stm32/14.3.1+st.2/bin/../lib/gcc/arm-none-eabi/14.3.1/../../../../arm-none-eabi/lib/thumb/v7-m/nofp\libg_nano.a(libc_a-memcpy-stub.o)
                0x08002334                memcpy
 *(.glue_7)
 .glue_7        0x08002350        0x0 linker stubs
 *(.glue_7t)
 .glue_7t       0x08002350        0x0 linker stubs
 *(.eh_frame)
 .eh_frame      0x08002350        0x0 C:/Users/29254/AppData/Local/stm32cube/bundles/gnu-tools-for-stm32/14.3.1+st.2/bin/../lib/gcc/arm-none-eabi/14.3.1/thumb/v7-m/nofp/crtbegin.o
 *(.init)
 .init          0x08002350        0x4 C:/Users/29254/AppData/Local/stm32cube/bundles/gnu-tools-for-stm32/14.3.1+st.2/bin/../lib/gcc/arm-none-eabi/14.3.1/thumb/v7-m/nofp/crti.o
                0x08002350                _init
 .init          0x08002354        0x8 C:/Users/29254/AppData/Local/stm32cube/bundles/gnu-tools-for-stm32/14.3.1+st.2/bin/../lib/gcc/arm-none-eabi/14.3.1/thumb/v7-m/nofp/crtn.o
 *(.fini)
 .fini          0x0800235c        0x4 C:/Users/29254/AppData/Local/stm32cube/bundles/gnu-tools-for-stm32/14.3.1+st.2/bin/../lib/gcc/arm-none-eabi/14.3.1/thumb/v7-m/nofp/crti.o
                0x0800235c                _fini
 .fini          0x08002360        0x8 C:/Users/29254/AppData/Local/stm32cube/bundles/gnu-tools-for-stm32/14.3.1+st.2/bin/../lib/gcc/arm-none-eabi/14.3.1/thumb/v7-m/nofp/crtn.o
                0x08002368                        . = ALIGN (0x4)
                0x08002368                        _etext = .

.vfp11_veneer   0x08002368        0x0
 .vfp11_veneer  0x08002368        0x0 linker stubs

.v4_bx          0x08002368        0x0
 .v4_bx         0x08002368        0x0 linker stubs

.iplt           0x08002368        0x0
 .iplt          0x08002368        0x0 C:/Users/29254/AppData/Local/stm32cube/bundles/gnu-tools-for-stm32/14.3.1+st.2/bin/../lib/gcc/arm-none-eabi/14.3.1/thumb/v7-m/nofp/crtbegin.o

.rodata         0x08002368       0x3c
                0x08002368                        . = ALIGN (0x4)
 *(.rodata)
 *(.rodata*)
 .rodata.APBPrescTable
                0x08002368        0x8 cmake/stm32cubemx/CMakeFiles/STM32_Drivers.dir/__/__/Core/Src/system_stm32f1xx.c.obj
                0x08002368                APBPrescTable
 .rodata.AHBPrescTable
                0x08002370       0x10 cmake/stm32cubemx/CMakeFiles/STM32_Drivers.dir/__/__/Core/Src/system_stm32f1xx.c.obj
                0x08002370                AHBPrescTable
 .rodata.aPredivFactorTable.0
                0x08002380        0x2 cmake/stm32cubemx/CMakeFiles/STM32_Drivers.dir/__/__/Drivers/STM32F1xx_HAL_Driver/Src/stm32f1xx_hal_rcc.c.obj
 .rodata.aPLLMULFactorTable.1
                0x08002382       0x10 cmake/stm32cubemx/CMakeFiles/STM32_Drivers.dir/__/__/Drivers/STM32F1xx_HAL_Driver/Src/stm32f1xx_hal_rcc.c.obj
 .rodata.aPredivFactorTable.0
                0x08002392        0x2 cmake/stm32cubemx/CMakeFiles/STM32_Drivers.dir/__/__/Drivers/STM32F1xx_HAL_Driver/Src/stm32f1xx_hal_rcc_ex.c.obj
 .rodata.aPLLMULFactorTable.1
                0x08002394       0x10 cmake/stm32cubemx/CMakeFiles/STM32_Drivers.dir/__/__/Drivers/STM32F1xx_HAL_Driver/Src/stm32f1xx_hal_rcc_ex.c.obj
                0x080023a4                        . = ALIGN (0x4)

.ARM.extab      0x080023a4        0x0
                0x080023a4                        . = ALIGN (0x4)
 *(.ARM.extab* .gnu.linkonce.armextab.*)
                0x080023a4                        . = ALIGN (0x4)

.ARM            0x080023a4        0x0
                0x080023a4                        . = ALIGN (0x4)
                0x080023a4                        __exidx_start = .
 *(.ARM.exidx*)
                0x080023a4                        __exidx_end = .
                0x080023a4                        . = ALIGN (0x4)

.preinit_array  0x080023a4        0x0
                0x080023a4                        . = ALIGN (0x4)
                0x080023a4                        PROVIDE (__preinit_array_start = .)
 *(.preinit_array*)
                0x080023a4                        PROVIDE (__preinit_array_end = .)
                0x080023a4                        . = ALIGN (0x4)

.init_array     0x080023a4        0x4
                0x080023a4                        . = ALIGN (0x4)
                0x080023a4                        PROVIDE (__init_array_start = .)
 *(SORT_BY_NAME(.init_array.*))
 *(.init_array*)
 .init_array    0x080023a4        0x4 C:/Users/29254/AppData/Local/stm32cube/bundles/gnu-tools-for-stm32/14.3.1+st.2/bin/../lib/gcc/arm-none-eabi/14.3.1/thumb/v7-m/nofp/crtbegin.o
                0x080023a8                        PROVIDE (__init_array_end = .)
                0x080023a8                        . = ALIGN (0x4)

.fini_array     0x080023a8        0x4
                0x080023a8                        . = ALIGN (0x4)
                [!provide]                        PROVIDE (__fini_array_start = .)
 *(SORT_BY_NAME(.fini_array.*))
 *(.fini_array*)
 .fini_array    0x080023a8        0x4 C:/Users/29254/AppData/Local/stm32cube/bundles/gnu-tools-for-stm32/14.3.1+st.2/bin/../lib/gcc/arm-none-eabi/14.3.1/thumb/v7-m/nofp/crtbegin.o
                [!provide]                        PROVIDE (__fini_array_end = .)
                0x080023ac                        . = ALIGN (0x4)
                0x080023ac                        _sidata = LOADADDR (.data)

.rel.dyn        0x080023ac        0x0
 .rel.iplt      0x080023ac        0x0 C:/Users/29254/AppData/Local/stm32cube/bundles/gnu-tools-for-stm32/14.3.1+st.2/bin/../lib/gcc/arm-none-eabi/14.3.1/thumb/v7-m/nofp/crtbegin.o

.data           0x20000000        0xc load address 0x080023ac
                0x20000000                        . = ALIGN (0x4)
                0x20000000                        _sdata = .
 *(.data)
 *(.data*)
 .data.SystemCoreClock
                0x20000000        0x4 cmake/stm32cubemx/CMakeFiles/STM32_Drivers.dir/__/__/Core/Src/system_stm32f1xx.c.obj
                0x20000000                SystemCoreClock
 .data.uwTickFreq
                0x20000004        0x1 cmake/stm32cubemx/CMakeFiles/STM32_Drivers.dir/__/__/Drivers/STM32F1xx_HAL_Driver/Src/stm32f1xx_hal.c.obj
                0x20000004                uwTickFreq
 *fill*         0x20000005        0x3 
 .data.uwTickPrio
                0x20000008        0x4 cmake/stm32cubemx/CMakeFiles/STM32_Drivers.dir/__/__/Drivers/STM32F1xx_HAL_Driver/Src/stm32f1xx_hal.c.obj
                0x20000008                uwTickPrio
 *(.RamFunc)
 *(.RamFunc*)
                0x2000000c                        . = ALIGN (0x4)

.igot.plt       0x2000000c        0x0 load address 0x080023b8
 .igot.plt      0x2000000c        0x0 C:/Users/29254/AppData/Local/stm32cube/bundles/gnu-tools-for-stm32/14.3.1+st.2/bin/../lib/gcc/arm-none-eabi/14.3.1/thumb/v7-m/nofp/crtbegin.o

.tdata          0x2000000c        0x0 load address 0x080023b8
 *(.tdata .tdata.* .gnu.linkonce.td.*)
                0x2000000c                        . = ALIGN (0x4)
                0x2000000c                        _edata = .
                [!provide]                        PROVIDE (__data_end = .)
                [!provide]                        PROVIDE (__tdata_end = .)
                [!provide]                        PROVIDE (__tdata_start = ADDR (.tdata))
                [!provide]                        PROVIDE (__tdata_size = (__tdata_end - __tdata_start))
                [!provide]                        PROVIDE (__data_start = ADDR (.data))
                [!provide]                        PROVIDE (__data_size = (__data_end - __data_start))
                [!provide]                        PROVIDE (__tdata_source = LOADADDR (.tdata))
                [!provide]                        PROVIDE (__tdata_source_end = (LOADADDR (.tdata) + SIZEOF (.tdata)))
                [!provide]                        PROVIDE (__tdata_source_size = (__tdata_source_end - __tdata_source))
                [!provide]                        PROVIDE (__data_source = LOADADDR (.data))
                [!provide]                        PROVIDE (__data_source_end = __tdata_source_end)
                [!provide]                        PROVIDE (__data_source_size = (__data_source_end - __data_source))

.tbss           0x2000000c        0x0 load address 0x080023b8
                0x2000000c                        _sbss = .
                0x2000000c                        __bss_start__ = _sbss
 *(.tbss .tbss.*)
                0x2000000c                        . = ALIGN (0x4)
                [!provide]                        PROVIDE (__tbss_end = .)
                [!provide]                        PROVIDE (__tbss_start = ADDR (.tbss))
                [!provide]                        PROVIDE (__tbss_size = (__tbss_end - __tbss_start))
                [!provide]                        PROVIDE (__tbss_offset = (ADDR (.tbss) - ADDR (.tdata)))
                [!provide]                        PROVIDE (__tls_base = __tdata_start)
                [!provide]                        PROVIDE (__tls_end = __tbss_end)
                [!provide]                        PROVIDE (__tls_size = (__tls_end - __tls_base))
                [!provide]                        PROVIDE (__tls_align = MAX (ALIGNOF (.tdata), ALIGNOF (.tbss)))
                [!provide]                        PROVIDE (__tls_size_align = (((__tls_size + __tls_align) - 0x1) & ~ ((__tls_align - 0x1))))
                [!provide]                        PROVIDE (__arm32_tls_tcb_offset = MAX (0x8, __tls_align))
                [!provide]                        PROVIDE (__arm64_tls_tcb_offset = MAX (0x10, __tls_align))

.bss            0x20000010      0x4c0 load address 0x080023b8
 *(.bss)
 .bss           0x20000010       0x1c C:/Users/29254/AppData/Local/stm32cube/bundles/gnu-tools-for-stm32/14.3.1+st.2/bin/../lib/gcc/arm-none-eabi/14.3.1/thumb/v7-m/nofp/crtbegin.o
 *(.bss*)
 .bss.uwTick    0x2000002c        0x4 cmake/stm32cubemx/CMakeFiles/STM32_Drivers.dir/__/__/Drivers/STM32F1xx_HAL_Driver/Src/stm32f1xx_hal.c.obj
                0x2000002c                uwTick
 .bss.pFlash    0x20000030       0x20 cmake/stm32cubemx/CMakeFiles/STM32_Drivers.dir/__/__/Drivers/STM32F1xx_HAL_Driver/Src/stm32f1xx_hal_flash.c.obj
                0x20000030                pFlash
 .bss.hrtc      0x20000050       0x14 CMakeFiles/BOOT.dir/Core/Src/rtc.c.obj
                0x20000050                hrtc
 .bss.huart3    0x20000064       0x48 CMakeFiles/BOOT.dir/Core/Src/usart.c.obj
                0x20000064                huart3
 .bss.g_1ms_flag
                0x200000ac        0x1 CMakeFiles/BOOT.dir/Core/Src/stm32f1xx_it.c.obj
                0x200000ac                g_1ms_flag
 .bss.frameLock
                0x200000ad        0x1 CMakeFiles/BOOT.dir/Core/Src/iap/bootloader.c.obj
 .bss.frameLen  0x200000ae        0x2 CMakeFiles/BOOT.dir/Core/Src/iap/bootloader.c.obj
 .bss.frameReady
                0x200000b0        0x1 CMakeFiles/BOOT.dir/Core/Src/iap/bootloader.c.obj
 .bss.frameBuf  0x200000b1      0x200 CMakeFiles/BOOT.dir/Core/Src/iap/bootloader.c.obj
 .bss.rxByte    0x200002b1        0x1 CMakeFiles/BOOT.dir/Core/Src/iap/bootloader.c.obj
 .bss.rxIndex   0x200002b2        0x2 CMakeFiles/BOOT.dir/Core/Src/iap/bootloader.c.obj
 .bss.rxBuffer  0x200002b4      0x200 CMakeFiles/BOOT.dir/Core/Src/iap/bootloader.c.obj
 .bss.currentFile
                0x200004b4       0x18 CMakeFiles/BOOT.dir/Core/Src/iap/bootloader.c.obj
 .bss.bootState
                0x200004cc        0x1 CMakeFiles/BOOT.dir/Core/Src/iap/bootloader.c.obj
 *(COMMON)
                0x200004d0                        . = ALIGN (0x4)
 *fill*         0x200004cd        0x3 
                0x200004d0                        _ebss = .
                0x200004d0                        __bss_end__ = _ebss
                [!provide]                        PROVIDE (__bss_end = .)
                [!provide]                        PROVIDE (__non_tls_bss_start = ADDR (.bss))
                [!provide]                        PROVIDE (__bss_start = __tbss_start)
                [!provide]                        PROVIDE (__bss_size = (__bss_end - __bss_start))

._user_heap_stack
                0x200004d0      0x600 load address 0x080023b8
                0x200004d0                        . = ALIGN (0x8)
                [!provide]                        PROVIDE (end = .)
                0x200004d0                        PROVIDE (_end = .)
                0x200006d0                        . = (. + _Min_Heap_Size)
 *fill*         0x200004d0      0x200 
                0x20000ad0                        . = (. + _Min_Stack_Size)
 *fill*         0x200006d0      0x400 
                0x20000ad0                        . = ALIGN (0x8)

/DISCARD/
 libc.a:*(*)
 libm.a:*(*)
 libgcc.a:*(*)
OUTPUT(BOOT.elf elf32-littlearm)
LOAD linker stubs

.ARM.attributes
                0x00000000       0x29
 .ARM.attributes
                0x00000000       0x1d C:/Users/29254/AppData/Local/stm32cube/bundles/gnu-tools-for-stm32/14.3.1+st.2/bin/../lib/gcc/arm-none-eabi/14.3.1/thumb/v7-m/nofp/crti.o
 .ARM.attributes
                0x0000001d       0x2d C:/Users/29254/AppData/Local/stm32cube/bundles/gnu-tools-for-stm32/14.3.1+st.2/bin/../lib/gcc/arm-none-eabi/14.3.1/thumb/v7-m/nofp/crtbegin.o
 .ARM.attributes
                0x0000004a       0x2d cmake/stm32cubemx/CMakeFiles/STM32_Drivers.dir/__/__/Core/Src/system_stm32f1xx.c.obj
 .ARM.attributes
                0x00000077       0x2d cmake/stm32cubemx/CMakeFiles/STM32_Drivers.dir/__/__/Drivers/STM32F1xx_HAL_Driver/Src/stm32f1xx_hal_rtc.c.obj
 .ARM.attributes
                0x000000a4       0x2d cmake/stm32cubemx/CMakeFiles/STM32_Drivers.dir/__/__/Drivers/STM32F1xx_HAL_Driver/Src/stm32f1xx_hal_rtc_ex.c.obj
 .ARM.attributes
                0x000000d1       0x2d cmake/stm32cubemx/CMakeFiles/STM32_Drivers.dir/__/__/Drivers/STM32F1xx_HAL_Driver/Src/stm32f1xx_hal.c.obj
 .ARM.attributes
                0x000000fe       0x2d cmake/stm32cubemx/CMakeFiles/STM32_Drivers.dir/__/__/Drivers/STM32F1xx_HAL_Driver/Src/stm32f1xx_hal_rcc.c.obj
 .ARM.attributes
                0x0000012b       0x2d cmake/stm32cubemx/CMakeFiles/STM32_Drivers.dir/__/__/Drivers/STM32F1xx_HAL_Driver/Src/stm32f1xx_hal_rcc_ex.c.obj
 .ARM.attributes
                0x00000158       0x2d cmake/stm32cubemx/CMakeFiles/STM32_Drivers.dir/__/__/Drivers/STM32F1xx_HAL_Driver/Src/stm32f1xx_hal_gpio.c.obj
 .ARM.attributes
                0x00000185       0x2d cmake/stm32cubemx/CMakeFiles/STM32_Drivers.dir/__/__/Drivers/STM32F1xx_HAL_Driver/Src/stm32f1xx_hal_dma.c.obj
 .ARM.attributes
                0x000001b2       0x2d cmake/stm32cubemx/CMakeFiles/STM32_Drivers.dir/__/__/Drivers/STM32F1xx_HAL_Driver/Src/stm32f1xx_hal_cortex.c.obj
 .ARM.attributes
                0x000001df       0x2d cmake/stm32cubemx/CMakeFiles/STM32_Drivers.dir/__/__/Drivers/STM32F1xx_HAL_Driver/Src/stm32f1xx_hal_pwr.c.obj
 .ARM.attributes
                0x0000020c       0x2d cmake/stm32cubemx/CMakeFiles/STM32_Drivers.dir/__/__/Drivers/STM32F1xx_HAL_Driver/Src/stm32f1xx_hal_flash.c.obj
 .ARM.attributes
                0x00000239       0x2d cmake/stm32cubemx/CMakeFiles/STM32_Drivers.dir/__/__/Drivers/STM32F1xx_HAL_Driver/Src/stm32f1xx_hal_flash_ex.c.obj
 .ARM.attributes
                0x00000266       0x2d cmake/stm32cubemx/CMakeFiles/STM32_Drivers.dir/__/__/Drivers/STM32F1xx_HAL_Driver/Src/stm32f1xx_hal_uart.c.obj
 .ARM.attributes
                0x00000293       0x2d CMakeFiles/BOOT.dir/Core/Src/main.c.obj
 .ARM.attributes
                0x000002c0       0x2d CMakeFiles/BOOT.dir/Core/Src/gpio.c.obj
 .ARM.attributes
                0x000002ed       0x2d CMakeFiles/BOOT.dir/Core/Src/rtc.c.obj
 .ARM.attributes
                0x0000031a       0x2d CMakeFiles/BOOT.dir/Core/Src/usart.c.obj
 .ARM.attributes
                0x00000347       0x2d CMakeFiles/BOOT.dir/Core/Src/stm32f1xx_it.c.obj
 .ARM.attributes
                0x00000374       0x2d CMakeFiles/BOOT.dir/Core/Src/stm32f1xx_hal_msp.c.obj
 .ARM.attributes
                0x000003a1       0x21 CMakeFiles/BOOT.dir/startup_stm32f103xe.s.obj
 .ARM.attributes
                0x000003c2       0x2d CMakeFiles/BOOT.dir/Core/Src/iap/bootloader.c.obj
 .ARM.attributes
                0x000003ef       0x2d CMakeFiles/BOOT.dir/Core/Src/iap/flash_operations.c.obj
 .ARM.attributes
                0x0000041c       0x2d CMakeFiles/BOOT.dir/Core/Src/iap/crc.c.obj
 .ARM.attributes
                0x00000449       0x2d C:/Users/29254/AppData/Local/stm32cube/bundles/gnu-tools-for-stm32/14.3.1+st.2/bin/../lib/gcc/arm-none-eabi/14.3.1/../../../../arm-none-eabi/lib/thumb/v7-m/nofp\libg_nano.a(libc_a-memset.o)
 .ARM.attributes
                0x00000476       0x2d C:/Users/29254/AppData/Local/stm32cube/bundles/gnu-tools-for-stm32/14.3.1+st.2/bin/../lib/gcc/arm-none-eabi/14.3.1/../../../../arm-none-eabi/lib/thumb/v7-m/nofp\libg_nano.a(libc_a-init.o)
 .ARM.attributes
                0x000004a3       0x2d C:/Users/29254/AppData/Local/stm32cube/bundles/gnu-tools-for-stm32/14.3.1+st.2/bin/../lib/gcc/arm-none-eabi/14.3.1/../../../../arm-none-eabi/lib/thumb/v7-m/nofp\libg_nano.a(libc_a-memcpy-stub.o)
 .ARM.attributes
                0x000004d0       0x1d C:/Users/29254/AppData/Local/stm32cube/bundles/gnu-tools-for-stm32/14.3.1+st.2/bin/../lib/gcc/arm-none-eabi/14.3.1/thumb/v7-m/nofp/crtn.o

.comment        0x00000000       0x43
 .comment       0x00000000       0x43 cmake/stm32cubemx/CMakeFiles/STM32_Drivers.dir/__/__/Core/Src/system_stm32f1xx.c.obj
                                 0x44 (size before relaxing)
 .comment       0x00000043       0x44 cmake/stm32cubemx/CMakeFiles/STM32_Drivers.dir/__/__/Drivers/STM32F1xx_HAL_Driver/Src/stm32f1xx_hal_rtc.c.obj
 .comment       0x00000043       0x44 cmake/stm32cubemx/CMakeFiles/STM32_Drivers.dir/__/__/Drivers/STM32F1xx_HAL_Driver/Src/stm32f1xx_hal_rtc_ex.c.obj
 .comment       0x00000043       0x44 cmake/stm32cubemx/CMakeFiles/STM32_Drivers.dir/__/__/Drivers/STM32F1xx_HAL_Driver/Src/stm32f1xx_hal.c.obj
 .comment       0x00000043       0x44 cmake/stm32cubemx/CMakeFiles/STM32_Drivers.dir/__/__/Drivers/STM32F1xx_HAL_Driver/Src/stm32f1xx_hal_rcc.c.obj
 .comment       0x00000043       0x44 cmake/stm32cubemx/CMakeFiles/STM32_Drivers.dir/__/__/Drivers/STM32F1xx_HAL_Driver/Src/stm32f1xx_hal_rcc_ex.c.obj
 .comment       0x00000043       0x44 cmake/stm32cubemx/CMakeFiles/STM32_Drivers.dir/__/__/Drivers/STM32F1xx_HAL_Driver/Src/stm32f1xx_hal_gpio.c.obj
 .comment       0x00000043       0x44 cmake/stm32cubemx/CMakeFiles/STM32_Drivers.dir/__/__/Drivers/STM32F1xx_HAL_Driver/Src/stm32f1xx_hal_dma.c.obj
 .comment       0x00000043       0x44 cmake/stm32cubemx/CMakeFiles/STM32_Drivers.dir/__/__/Drivers/STM32F1xx_HAL_Driver/Src/stm32f1xx_hal_cortex.c.obj
 .comment       0x00000043       0x44 cmake/stm32cubemx/CMakeFiles/STM32_Drivers.dir/__/__/Drivers/STM32F1xx_HAL_Driver/Src/stm32f1xx_hal_pwr.c.obj
 .comment       0x00000043       0x44 cmake/stm32cubemx/CMakeFiles/STM32_Drivers.dir/__/__/Drivers/STM32F1xx_HAL_Driver/Src/stm32f1xx_hal_flash.c.obj
 .comment       0x00000043       0x44 cmake/stm32cubemx/CMakeFiles/STM32_Drivers.dir/__/__/Drivers/STM32F1xx_HAL_Driver/Src/stm32f1xx_hal_flash_ex.c.obj
 .comment       0x00000043       0x44 cmake/stm32cubemx/CMakeFiles/STM32_Drivers.dir/__/__/Drivers/STM32F1xx_HAL_Driver/Src/stm32f1xx_hal_uart.c.obj
 .comment       0x00000043       0x44 CMakeFiles/BOOT.dir/Core/Src/main.c.obj
 .comment       0x00000043       0x44 CMakeFiles/BOOT.dir/Core/Src/gpio.c.obj
 .comment       0x00000043       0x44 CMakeFiles/BOOT.dir/Core/Src/rtc.c.obj
 .comment       0x00000043       0x44 CMakeFiles/BOOT.dir/Core/Src/usart.c.obj
 .comment       0x00000043       0x44 CMakeFiles/BOOT.dir/Core/Src/stm32f1xx_it.c.obj
 .comment       0x00000043       0x44 CMakeFiles/BOOT.dir/Core/Src/stm32f1xx_hal_msp.c.obj
 .comment       0x00000043       0x44 CMakeFiles/BOOT.dir/Core/Src/iap/bootloader.c.obj
 .comment       0x00000043       0x44 CMakeFiles/BOOT.dir/Core/Src/iap/flash_operations.c.obj
 .comment       0x00000043       0x44 CMakeFiles/BOOT.dir/Core/Src/iap/crc.c.obj
 .comment       0x00000043       0x44 C:/Users/29254/AppData/Local/stm32cube/bundles/gnu-tools-for-stm32/14.3.1+st.2/bin/../lib/gcc/arm-none-eabi/14.3.1/../../../../arm-none-eabi/lib/thumb/v7-m/nofp\libg_nano.a(libc_a-memset.o)
 .comment       0x00000043       0x44 C:/Users/29254/AppData/Local/stm32cube/bundles/gnu-tools-for-stm32/14.3.1+st.2/bin/../lib/gcc/arm-none-eabi/14.3.1/../../../../arm-none-eabi/lib/thumb/v7-m/nofp\libg_nano.a(libc_a-init.o)
 .comment       0x00000043       0x44 C:/Users/29254/AppData/Local/stm32cube/bundles/gnu-tools-for-stm32/14.3.1+st.2/bin/../lib/gcc/arm-none-eabi/14.3.1/../../../../arm-none-eabi/lib/thumb/v7-m/nofp\libg_nano.a(libc_a-memcpy-stub.o)

.debug_info     0x00000000      0x30c
 .debug_info    0x00000000       0xe0 C:/Users/29254/AppData/Local/stm32cube/bundles/gnu-tools-for-stm32/14.3.1+st.2/bin/../lib/gcc/arm-none-eabi/14.3.1/../../../../arm-none-eabi/lib/thumb/v7-m/nofp\libg_nano.a(libc_a-memset.o)
 .debug_info    0x000000e0      0x10b C:/Users/29254/AppData/Local/stm32cube/bundles/gnu-tools-for-stm32/14.3.1+st.2/bin/../lib/gcc/arm-none-eabi/14.3.1/../../../../arm-none-eabi/lib/thumb/v7-m/nofp\libg_nano.a(libc_a-init.o)
 .debug_info    0x000001eb      0x121 C:/Users/29254/AppData/Local/stm32cube/bundles/gnu-tools-for-stm32/14.3.1+st.2/bin/../lib/gcc/arm-none-eabi/14.3.1/../../../../arm-none-eabi/lib/thumb/v7-m/nofp\libg_nano.a(libc_a-memcpy-stub.o)

.debug_abbrev   0x00000000      0x228
 .debug_abbrev  0x00000000       0x9e C:/Users/29254/AppData/Local/stm32cube/bundles/gnu-tools-for-stm32/14.3.1+st.2/bin/../lib/gcc/arm-none-eabi/14.3.1/../../../../arm-none-eabi/lib/thumb/v7-m/nofp\libg_nano.a(libc_a-memset.o)
 .debug_abbrev  0x0000009e       0xc9 C:/Users/29254/AppData/Local/stm32cube/bundles/gnu-tools-for-stm32/14.3.1+st.2/bin/../lib/gcc/arm-none-eabi/14.3.1/../../../../arm-none-eabi/lib/thumb/v7-m/nofp\libg_nano.a(libc_a-init.o)
 .debug_abbrev  0x00000167       0xc1 C:/Users/29254/AppData/Local/stm32cube/bundles/gnu-tools-for-stm32/14.3.1+st.2/bin/../lib/gcc/arm-none-eabi/14.3.1/../../../../arm-none-eabi/lib/thumb/v7-m/nofp\libg_nano.a(libc_a-memcpy-stub.o)

.debug_loclists
                0x00000000      0x12c
 .debug_loclists
                0x00000000       0x3b C:/Users/29254/AppData/Local/stm32cube/bundles/gnu-tools-for-stm32/14.3.1+st.2/bin/../lib/gcc/arm-none-eabi/14.3.1/../../../../arm-none-eabi/lib/thumb/v7-m/nofp\libg_nano.a(libc_a-memset.o)
 .debug_loclists
                0x0000003b       0x44 C:/Users/29254/AppData/Local/stm32cube/bundles/gnu-tools-for-stm32/14.3.1+st.2/bin/../lib/gcc/arm-none-eabi/14.3.1/../../../../arm-none-eabi/lib/thumb/v7-m/nofp\libg_nano.a(libc_a-init.o)
 .debug_loclists
                0x0000007f       0xad C:/Users/29254/AppData/Local/stm32cube/bundles/gnu-tools-for-stm32/14.3.1+st.2/bin/../lib/gcc/arm-none-eabi/14.3.1/../../../../arm-none-eabi/lib/thumb/v7-m/nofp\libg_nano.a(libc_a-memcpy-stub.o)

.debug_aranges  0x00000000       0x60
 .debug_aranges
                0x00000000       0x20 C:/Users/29254/AppData/Local/stm32cube/bundles/gnu-tools-for-stm32/14.3.1+st.2/bin/../lib/gcc/arm-none-eabi/14.3.1/../../../../arm-none-eabi/lib/thumb/v7-m/nofp\libg_nano.a(libc_a-memset.o)
 .debug_aranges
                0x00000020       0x20 C:/Users/29254/AppData/Local/stm32cube/bundles/gnu-tools-for-stm32/14.3.1+st.2/bin/../lib/gcc/arm-none-eabi/14.3.1/../../../../arm-none-eabi/lib/thumb/v7-m/nofp\libg_nano.a(libc_a-init.o)
 .debug_aranges
                0x00000040       0x20 C:/Users/29254/AppData/Local/stm32cube/bundles/gnu-tools-for-stm32/14.3.1+st.2/bin/../lib/gcc/arm-none-eabi/14.3.1/../../../../arm-none-eabi/lib/thumb/v7-m/nofp\libg_nano.a(libc_a-memcpy-stub.o)

.debug_rnglists
                0x00000000       0x39
 .debug_rnglists
                0x00000000       0x13 C:/Users/29254/AppData/Local/stm32cube/bundles/gnu-tools-for-stm32/14.3.1+st.2/bin/../lib/gcc/arm-none-eabi/14.3.1/../../../../arm-none-eabi/lib/thumb/v7-m/nofp\libg_nano.a(libc_a-memset.o)
 .debug_rnglists
                0x00000013       0x13 C:/Users/29254/AppData/Local/stm32cube/bundles/gnu-tools-for-stm32/14.3.1+st.2/bin/../lib/gcc/arm-none-eabi/14.3.1/../../../../arm-none-eabi/lib/thumb/v7-m/nofp\libg_nano.a(libc_a-init.o)
 .debug_rnglists
                0x00000026       0x13 C:/Users/29254/AppData/Local/stm32cube/bundles/gnu-tools-for-stm32/14.3.1+st.2/bin/../lib/gcc/arm-none-eabi/14.3.1/../../../../arm-none-eabi/lib/thumb/v7-m/nofp\libg_nano.a(libc_a-memcpy-stub.o)

.debug_line     0x00000000      0x4ee
 .debug_line    0x00000000      0x17e C:/Users/29254/AppData/Local/stm32cube/bundles/gnu-tools-for-stm32/14.3.1+st.2/bin/../lib/gcc/arm-none-eabi/14.3.1/../../../../arm-none-eabi/lib/thumb/v7-m/nofp\libg_nano.a(libc_a-memset.o)
 .debug_line    0x0000017e      0x169 C:/Users/29254/AppData/Local/stm32cube/bundles/gnu-tools-for-stm32/14.3.1+st.2/bin/../lib/gcc/arm-none-eabi/14.3.1/../../../../arm-none-eabi/lib/thumb/v7-m/nofp\libg_nano.a(libc_a-init.o)
 .debug_line    0x000002e7      0x207 C:/Users/29254/AppData/Local/stm32cube/bundles/gnu-tools-for-stm32/14.3.1+st.2/bin/../lib/gcc/arm-none-eabi/14.3.1/../../../../arm-none-eabi/lib/thumb/v7-m/nofp\libg_nano.a(libc_a-memcpy-stub.o)

.debug_str      0x00000000      0x311
 .debug_str     0x00000000      0x311 C:/Users/29254/AppData/Local/stm32cube/bundles/gnu-tools-for-stm32/14.3.1+st.2/bin/../lib/gcc/arm-none-eabi/14.3.1/../../../../arm-none-eabi/lib/thumb/v7-m/nofp\libg_nano.a(libc_a-memset.o)
                                0x209 (size before relaxing)
 .debug_str     0x00000311      0x26a C:/Users/29254/AppData/Local/stm32cube/bundles/gnu-tools-for-stm32/14.3.1+st.2/bin/../lib/gcc/arm-none-eabi/14.3.1/../../../../arm-none-eabi/lib/thumb/v7-m/nofp\libg_nano.a(libc_a-init.o)
 .debug_str     0x00000311      0x227 C:/Users/29254/AppData/Local/stm32cube/bundles/gnu-tools-for-stm32/14.3.1+st.2/bin/../lib/gcc/arm-none-eabi/14.3.1/../../../../arm-none-eabi/lib/thumb/v7-m/nofp\libg_nano.a(libc_a-memcpy-stub.o)

.debug_frame    0x00000000       0x74
 .debug_frame   0x00000000       0x20 C:/Users/29254/AppData/Local/stm32cube/bundles/gnu-tools-for-stm32/14.3.1+st.2/bin/../lib/gcc/arm-none-eabi/14.3.1/../../../../arm-none-eabi/lib/thumb/v7-m/nofp\libg_nano.a(libc_a-memset.o)
 .debug_frame   0x00000020       0x2c C:/Users/29254/AppData/Local/stm32cube/bundles/gnu-tools-for-stm32/14.3.1+st.2/bin/../lib/gcc/arm-none-eabi/14.3.1/../../../../arm-none-eabi/lib/thumb/v7-m/nofp\libg_nano.a(libc_a-init.o)
 .debug_frame   0x0000004c       0x28 C:/Users/29254/AppData/Local/stm32cube/bundles/gnu-tools-for-stm32/14.3.1+st.2/bin/../lib/gcc/arm-none-eabi/14.3.1/../../../../arm-none-eabi/lib/thumb/v7-m/nofp\libg_nano.a(libc_a-memcpy-stub.o)
